<?xml version="1.0" encoding="UTF-8"?>
<TestRun id="e3e8615a-4126-49be-8052-be92bbc0defa" name="Administrator@ODIN 2011-10-03 02:34:17" runUser="ODIN\Administrator" xmlns="http://microsoft.com/schemas/VisualStudio/TeamTest/2010">
  <TestSettings name="Local" id="d72f0989-4de8-4c9f-a65d-36824bfe8de3">
    <Description>These are default test settings for a local test run.</Description>
    <Deployment enabled="false" runDeploymentRoot="Administrator_ODIN 2011-10-03 02_34_17">
      <DeploymentItem filename="C:\SepiaGroup\Neo4j\Neo4jRestNet\bin\Debug\Neo4Net.dll" />
    </Deployment>
    <Execution>
      <TestTypeSpecific />
      <AgentRule name="Execution Agents">
      </AgentRule>
    </Execution>
  </TestSettings>
  <Times creation="2011-10-03T02:34:17.6392604-04:00" queuing="2011-10-03T02:34:17.6892654-04:00" start="2011-10-03T02:34:17.6952660-04:00" finish="2011-10-03T02:34:17.8802845-04:00" />
  <ResultSummary outcome="Completed">
    <Counters total="1" executed="1" passed="1" error="0" failed="0" timeout="0" aborted="0" inconclusive="0" passedButRunAborted="0" notRunnable="0" notExecuted="0" disconnected="0" warning="0" completed="0" inProgress="0" pending="0" />
  </ResultSummary>
  <TestDefinitions>
    <UnitTest name="ImplicitBadStringValue" storage="c:\sepiagroup\neo4j\neo4jrestnet\neo4jrestnet.test\bin\debug\neo4jrestnet.test.dll" id="c35b44ee-4d95-8dc3-0e1b-fadf04039fc0">
      <Execution id="6e7f31a3-640a-40d4-98b9-6aee70d38295" />
      <TestMethod codeBase="C:/SepiaGroup/Neo4j/Neo4jRestNet/Neo4jRestNet.Test/bin/Debug/Neo4jRestNet.Test.DLL" adapterTypeName="Microsoft.VisualStudio.TestTools.TestTypes.Unit.UnitTestAdapter, Microsoft.VisualStudio.QualityTools.Tips.UnitTest.Adapter, Version=10.0.0.0, Culture=neutral, PublicKeyToken=b03f5f7f11d50a3a" className="Neo4jRestNet.Test.GEIDTest, Neo4jRestNet.Test, Version=1.0.0.0, Culture=neutral, PublicKeyToken=null" name="ImplicitBadStringValue" />
    </UnitTest>
  </TestDefinitions>
  <TestLists>
    <TestList name="Results Not in a List" id="8c84fa94-04c1-424b-9868-57a2d4851a1d" />
    <TestList name="All Loaded Results" id="19431567-8539-422a-85d7-44ee4e166bda" />
  </TestLists>
  <TestEntries>
    <TestEntry testId="c35b44ee-4d95-8dc3-0e1b-fadf04039fc0" executionId="6e7f31a3-640a-40d4-98b9-6aee70d38295" testListId="8c84fa94-04c1-424b-9868-57a2d4851a1d" />
  </TestEntries>
  <Results>
    <UnitTestResult executionId="6e7f31a3-640a-40d4-98b9-6aee70d38295" testId="c35b44ee-4d95-8dc3-0e1b-fadf04039fc0" testName="ImplicitBadStringValue" computerName="ODIN" duration="00:00:00.0130916" startTime="2011-10-03T02:34:17.6982663-04:00" endTime="2011-10-03T02:34:17.8672832-04:00" testType="13cdc9d9-ddb5-4fa4-a97d-d965ccfc6d4b" outcome="Passed" testListId="8c84fa94-04c1-424b-9868-57a2d4851a1d" relativeResultsDirectory="6e7f31a3-640a-40d4-98b9-6aee70d38295">
    </UnitTestResult>
  </Results>
</TestRun>