<?xml version="1.0" encoding="UTF-8"?>
<TestRun id="0b71c15b-e7a0-4c25-a678-bab0c0119be9" name="Administrator@ODIN 2011-10-03 02:15:49" runUser="ODIN\Administrator" xmlns="http://microsoft.com/schemas/VisualStudio/TeamTest/2010">
  <TestSettings name="Local" id="d72f0989-4de8-4c9f-a65d-36824bfe8de3">
    <Description>These are default test settings for a local test run.</Description>
    <Deployment enabled="false" runDeploymentRoot="Administrator_ODIN 2011-10-03 02_15_49">
      <DeploymentItem filename="C:\SepiaGroup\Neo4j\Neo4jRestNet\bin\Debug\Neo4Net.dll" />
    </Deployment>
    <Execution>
      <TestTypeSpecific />
      <AgentRule name="Execution Agents">
      </AgentRule>
    </Execution>
  </TestSettings>
  <Times creation="2011-10-03T02:15:49.5004564-04:00" queuing="2011-10-03T02:15:50.5575621-04:00" start="2011-10-03T02:15:50.7005764-04:00" finish="2011-10-03T02:16:12.4997561-04:00" />
  <ResultSummary outcome="Error">
    <Counters total="5" executed="5" passed="4" error="0" failed="0" timeout="0" aborted="1" inconclusive="0" passedButRunAborted="0" notRunnable="0" notExecuted="0" disconnected="0" warning="0" completed="0" inProgress="0" pending="0" />
    <RunInfos>
      <RunInfo computerName="ODIN" outcome="Error" timestamp="2011-10-03T02:16:12.4987560-04:00">
        <Text>Test host process exited unexpectedly.</Text>
      </RunInfo>
    </RunInfos>
  </ResultSummary>
  <TestDefinitions>
    <UnitTest name="TryParseNotValid" storage="c:\sepiagroup\neo4j\neo4jrestnet\neo4jrestnet.test\bin\debug\neo4jrestnet.test.dll" id="3a4d78fe-2cb6-9f66-db94-18579ae49165">
      <Execution id="eccc2d5c-2185-4c6a-b451-f26283cd72b0" />
      <TestMethod codeBase="C:/SepiaGroup/Neo4j/Neo4jRestNet/Neo4jRestNet.Test/bin/Debug/Neo4jRestNet.Test.DLL" adapterTypeName="Microsoft.VisualStudio.TestTools.TestTypes.Unit.UnitTestAdapter, Microsoft.VisualStudio.QualityTools.Tips.UnitTest.Adapter, Version=10.0.0.0, Culture=neutral, PublicKeyToken=b03f5f7f11d50a3a" className="Neo4jRestNet.Test.GEIDTest, Neo4jRestNet.Test, Version=1.0.0.0, Culture=neutral, PublicKeyToken=null" name="TryParseNotValid" />
    </UnitTest>
    <UnitTest name="NewGEIDFromString" storage="c:\sepiagroup\neo4j\neo4jrestnet\neo4jrestnet.test\bin\debug\neo4jrestnet.test.dll" id="3a3f72a1-9d68-9bc8-e539-001285b08ed7">
      <Execution id="ea8446c6-908f-4e44-bc78-4782e885b291" />
      <TestMethod codeBase="C:/SepiaGroup/Neo4j/Neo4jRestNet/Neo4jRestNet.Test/bin/Debug/Neo4jRestNet.Test.DLL" adapterTypeName="Microsoft.VisualStudio.TestTools.TestTypes.Unit.UnitTestAdapter, Microsoft.VisualStudio.QualityTools.Tips.UnitTest.Adapter, Version=10.0.0.0, Culture=neutral, PublicKeyToken=b03f5f7f11d50a3a" className="Neo4jRestNet.Test.GEIDTest, Neo4jRestNet.Test, Version=1.0.0.0, Culture=neutral, PublicKeyToken=null" name="NewGEIDFromString" />
    </UnitTest>
    <UnitTest name="Equality" storage="c:\sepiagroup\neo4j\neo4jrestnet\neo4jrestnet.test\bin\debug\neo4jrestnet.test.dll" id="174df904-103b-89e2-6665-31f4ea449501">
      <Execution id="5d91e926-35fc-4b94-9930-7194ca1cb12a" />
      <TestMethod codeBase="C:/SepiaGroup/Neo4j/Neo4jRestNet/Neo4jRestNet.Test/bin/Debug/Neo4jRestNet.Test.DLL" adapterTypeName="Microsoft.VisualStudio.TestTools.TestTypes.Unit.UnitTestAdapter, Microsoft.VisualStudio.QualityTools.Tips.UnitTest.Adapter, Version=10.0.0.0, Culture=neutral, PublicKeyToken=b03f5f7f11d50a3a" className="Neo4jRestNet.Test.GEIDTest, Neo4jRestNet.Test, Version=1.0.0.0, Culture=neutral, PublicKeyToken=null" name="Equality" />
    </UnitTest>
    <UnitTest name="NewGEIDFromLong" storage="c:\sepiagroup\neo4j\neo4jrestnet\neo4jrestnet.test\bin\debug\neo4jrestnet.test.dll" id="4026935a-c677-921c-4b27-cb5d5dcf5f59">
      <Execution id="63e66d4c-3bab-4797-a6b5-689d8c8165b4" />
      <TestMethod codeBase="C:/SepiaGroup/Neo4j/Neo4jRestNet/Neo4jRestNet.Test/bin/Debug/Neo4jRestNet.Test.DLL" adapterTypeName="Microsoft.VisualStudio.TestTools.TestTypes.Unit.UnitTestAdapter, Microsoft.VisualStudio.QualityTools.Tips.UnitTest.Adapter, Version=10.0.0.0, Culture=neutral, PublicKeyToken=b03f5f7f11d50a3a" className="Neo4jRestNet.Test.GEIDTest, Neo4jRestNet.Test, Version=1.0.0.0, Culture=neutral, PublicKeyToken=null" name="NewGEIDFromLong" />
    </UnitTest>
    <UnitTest name="TryParseValid" storage="c:\sepiagroup\neo4j\neo4jrestnet\neo4jrestnet.test\bin\debug\neo4jrestnet.test.dll" id="3dfb80d2-e756-74fc-948a-51dbed2d6434">
      <Execution id="089e5a35-50db-46f6-aea4-87c57f18d32a" />
      <TestMethod codeBase="C:/SepiaGroup/Neo4j/Neo4jRestNet/Neo4jRestNet.Test/bin/Debug/Neo4jRestNet.Test.DLL" adapterTypeName="Microsoft.VisualStudio.TestTools.TestTypes.Unit.UnitTestAdapter, Microsoft.VisualStudio.QualityTools.Tips.UnitTest.Adapter, Version=10.0.0.0, Culture=neutral, PublicKeyToken=b03f5f7f11d50a3a" className="Neo4jRestNet.Test.GEIDTest, Neo4jRestNet.Test, Version=1.0.0.0, Culture=neutral, PublicKeyToken=null" name="TryParseValid" />
    </UnitTest>
  </TestDefinitions>
  <TestLists>
    <TestList name="Results Not in a List" id="8c84fa94-04c1-424b-9868-57a2d4851a1d" />
    <TestList name="All Loaded Results" id="19431567-8539-422a-85d7-44ee4e166bda" />
  </TestLists>
  <TestEntries>
    <TestEntry testId="4026935a-c677-921c-4b27-cb5d5dcf5f59" executionId="63e66d4c-3bab-4797-a6b5-689d8c8165b4" testListId="8c84fa94-04c1-424b-9868-57a2d4851a1d" />
    <TestEntry testId="3a3f72a1-9d68-9bc8-e539-001285b08ed7" executionId="ea8446c6-908f-4e44-bc78-4782e885b291" testListId="8c84fa94-04c1-424b-9868-57a2d4851a1d" />
    <TestEntry testId="3dfb80d2-e756-74fc-948a-51dbed2d6434" executionId="089e5a35-50db-46f6-aea4-87c57f18d32a" testListId="8c84fa94-04c1-424b-9868-57a2d4851a1d" />
    <TestEntry testId="3a4d78fe-2cb6-9f66-db94-18579ae49165" executionId="eccc2d5c-2185-4c6a-b451-f26283cd72b0" testListId="8c84fa94-04c1-424b-9868-57a2d4851a1d" />
    <TestEntry testId="174df904-103b-89e2-6665-31f4ea449501" executionId="5d91e926-35fc-4b94-9930-7194ca1cb12a" testListId="8c84fa94-04c1-424b-9868-57a2d4851a1d" />
  </TestEntries>
  <Results>
    <UnitTestResult executionId="63e66d4c-3bab-4797-a6b5-689d8c8165b4" testId="4026935a-c677-921c-4b27-cb5d5dcf5f59" testName="NewGEIDFromLong" computerName="ODIN" duration="00:00:00.0203076" startTime="2011-10-03T02:15:50.8435907-04:00" endTime="2011-10-03T02:15:51.6316695-04:00" testType="13cdc9d9-ddb5-4fa4-a97d-d965ccfc6d4b" outcome="Passed" testListId="8c84fa94-04c1-424b-9868-57a2d4851a1d" relativeResultsDirectory="63e66d4c-3bab-4797-a6b5-689d8c8165b4">
    </UnitTestResult>
    <UnitTestResult executionId="ea8446c6-908f-4e44-bc78-4782e885b291" testId="3a3f72a1-9d68-9bc8-e539-001285b08ed7" testName="NewGEIDFromString" computerName="ODIN" duration="00:00:00.0025809" startTime="2011-10-03T02:15:51.6376701-04:00" endTime="2011-10-03T02:15:51.6456709-04:00" testType="13cdc9d9-ddb5-4fa4-a97d-d965ccfc6d4b" outcome="Passed" testListId="8c84fa94-04c1-424b-9868-57a2d4851a1d" relativeResultsDirectory="ea8446c6-908f-4e44-bc78-4782e885b291">
    </UnitTestResult>
    <UnitTestResult executionId="089e5a35-50db-46f6-aea4-87c57f18d32a" testId="3dfb80d2-e756-74fc-948a-51dbed2d6434" testName="TryParseValid" computerName="ODIN" duration="00:00:00.0006736" startTime="2011-10-03T02:15:51.6516715-04:00" endTime="2011-10-03T02:15:51.6576721-04:00" testType="13cdc9d9-ddb5-4fa4-a97d-d965ccfc6d4b" outcome="Passed" testListId="8c84fa94-04c1-424b-9868-57a2d4851a1d" relativeResultsDirectory="089e5a35-50db-46f6-aea4-87c57f18d32a">
    </UnitTestResult>
    <UnitTestResult executionId="eccc2d5c-2185-4c6a-b451-f26283cd72b0" testId="3a4d78fe-2cb6-9f66-db94-18579ae49165" testName="TryParseNotValid" computerName="ODIN" duration="00:00:00.0696755" startTime="2011-10-03T02:15:51.6636727-04:00" endTime="2011-10-03T02:15:51.7376801-04:00" testType="13cdc9d9-ddb5-4fa4-a97d-d965ccfc6d4b" outcome="Passed" testListId="8c84fa94-04c1-424b-9868-57a2d4851a1d" relativeResultsDirectory="eccc2d5c-2185-4c6a-b451-f26283cd72b0">
    </UnitTestResult>
    <UnitTestResult executionId="5d91e926-35fc-4b94-9930-7194ca1cb12a" testId="174df904-103b-89e2-6665-31f4ea449501" testName="Equality" computerName="ODIN" duration="00:00:20.7550753" startTime="2011-10-03T02:15:51.7446808-04:00" endTime="2011-10-03T02:16:12.4997561-04:00" testType="13cdc9d9-ddb5-4fa4-a97d-d965ccfc6d4b" outcome="Aborted" testListId="8c84fa94-04c1-424b-9868-57a2d4851a1d" relativeResultsDirectory="5d91e926-35fc-4b94-9930-7194ca1cb12a">
    </UnitTestResult>
  </Results>
</TestRun>