<?xml version="1.0" encoding="UTF-8"?>
<TestRun id="d615ec60-f066-4812-a8d4-9258eefadc9c" name="Administrator@ODIN 2011-10-03 02:28:59" runUser="ODIN\Administrator" xmlns="http://microsoft.com/schemas/VisualStudio/TeamTest/2010">
  <TestSettings name="Local" id="d72f0989-4de8-4c9f-a65d-36824bfe8de3">
    <Description>These are default test settings for a local test run.</Description>
    <Deployment enabled="false" runDeploymentRoot="Administrator_ODIN 2011-10-03 02_28_59">
      <DeploymentItem filename="C:\SepiaGroup\Neo4j\Neo4jRestNet\bin\Debug\Neo4Net.dll" />
    </Deployment>
    <Execution>
      <TestTypeSpecific />
      <AgentRule name="Execution Agents">
      </AgentRule>
    </Execution>
  </TestSettings>
  <Times creation="2011-10-03T02:28:59.0874084-04:00" queuing="2011-10-03T02:28:59.1374134-04:00" start="2011-10-03T02:28:59.1424139-04:00" finish="2011-10-03T02:28:59.3594356-04:00" />
  <ResultSummary outcome="Failed">
    <Counters total="1" executed="1" error="0" failed="1" timeout="0" aborted="0" inconclusive="0" passedButRunAborted="0" notRunnable="0" notExecuted="0" disconnected="0" warning="0" passed="0" completed="0" inProgress="0" pending="0" />
  </ResultSummary>
  <TestDefinitions>
    <UnitTest name="TryParseNotValid" storage="c:\sepiagroup\neo4j\neo4jrestnet\neo4jrestnet.test\bin\debug\neo4jrestnet.test.dll" id="3a4d78fe-2cb6-9f66-db94-18579ae49165">
      <Execution id="78a615d9-b138-4cb1-8527-30391e52b6fd" />
      <TestMethod codeBase="C:/SepiaGroup/Neo4j/Neo4jRestNet/Neo4jRestNet.Test/bin/Debug/Neo4jRestNet.Test.DLL" adapterTypeName="Microsoft.VisualStudio.TestTools.TestTypes.Unit.UnitTestAdapter, Microsoft.VisualStudio.QualityTools.Tips.UnitTest.Adapter, Version=10.0.0.0, Culture=neutral, PublicKeyToken=b03f5f7f11d50a3a" className="Neo4jRestNet.Test.GEIDTest, Neo4jRestNet.Test, Version=1.0.0.0, Culture=neutral, PublicKeyToken=null" name="TryParseNotValid" />
    </UnitTest>
  </TestDefinitions>
  <TestLists>
    <TestList name="Results Not in a List" id="8c84fa94-04c1-424b-9868-57a2d4851a1d" />
    <TestList name="All Loaded Results" id="19431567-8539-422a-85d7-44ee4e166bda" />
  </TestLists>
  <TestEntries>
    <TestEntry testId="3a4d78fe-2cb6-9f66-db94-18579ae49165" executionId="78a615d9-b138-4cb1-8527-30391e52b6fd" testListId="8c84fa94-04c1-424b-9868-57a2d4851a1d" />
  </TestEntries>
  <Results>
    <UnitTestResult executionId="78a615d9-b138-4cb1-8527-30391e52b6fd" testId="3a4d78fe-2cb6-9f66-db94-18579ae49165" testName="TryParseNotValid" computerName="ODIN" duration="00:00:00.0506352" startTime="2011-10-03T02:28:59.1454142-04:00" endTime="2011-10-03T02:28:59.3394336-04:00" testType="13cdc9d9-ddb5-4fa4-a97d-d965ccfc6d4b" outcome="Failed" testListId="8c84fa94-04c1-424b-9868-57a2d4851a1d" relativeResultsDirectory="78a615d9-b138-4cb1-8527-30391e52b6fd">
      <Output>
        <ErrorInfo>
          <Message>Test method Neo4jRestNet.Test.GEIDTest.TryParseNotValid threw exception: 
System.Security.Cryptography.CryptographicException: Length of the data to decrypt is invalid.</Message>
          <StackTrace>    at System.Security.Cryptography.RijndaelManagedTransform.TransformFinalBlock(Byte[] inputBuffer, Int32 inputOffset, Int32 inputCount)
   at System.Security.Cryptography.CryptoStream.Read(Byte[] buffer, Int32 offset, Int32 count)
   at Neo4jRestNet.Core.GEID.Encryption.Decrypt(String TextToBeDecrypted) in C:\SepiaGroup\Neo4j\Neo4jRestNet\Core\GEID.cs:line 49
   at Neo4jRestNet.Core.GEID..ctor(String geid) in C:\SepiaGroup\Neo4j\Neo4jRestNet\Core\GEID.cs:line 101
   at Neo4jRestNet.Core.GEID.op_Implicit(String geid) in C:\SepiaGroup\Neo4j\Neo4jRestNet\Core\GEID.cs:line 131
   at Neo4jRestNet.Test.GEIDTest.TryParseNotValid() in C:\SepiaGroup\Neo4j\Neo4jRestNet\Neo4jRestNet.Test\GEIDTest.cs:line 56
</StackTrace>
        </ErrorInfo>
      </Output>
    </UnitTestResult>
  </Results>
</TestRun>